ok 1 - positive adult reserve parent is not itself a team player
ok 2 - negative other-team-only household reserve is otherwise genuinely eligible for this shift

ok 3 - pure committee coordinator uses actual native session and only committee mandate
ok 4 - committee scope does not grant team allocation/progress visibility
ok 5 - own concrete committee place is available independently of team membership
ok 6 - reserve request disabled before assignment deadline
ok 7 - private reserve pool absent before committee phase
ok 8 - pre-deadline request rejected with every app row unchanged
ok 9 - same pure coordinator updates concrete cluster deadlines
ok 10 - F074 deadline update reads back actual cluster version

ok 11 - pure team parent has team authority but no committee authority
ok 12 - team-parent membership grants no committee read projection
ok 13 - team parent cannot inspect the opt-in reserve pool
ok 14 - own team allocation does not imply reserve action capability
ok 15 - pure team-parent reserve request denied without any app write

ok 16 - ordinary opted-in recipient cannot issue committee requests

ok 17 - foreign tenant actor cannot act on club A allocation
ok 18 - foreign tenant read contains no club A allocation

ok 19 - different committee mandate grants no concrete allocation scope
ok 20 - different committee mandate grants no private reserve candidates
ok 21 - same-tenant coordinator for a different committee cannot request reserve help

ok 22 - post-deadline pure coordinator gets actual reserve capability
ok 23 - only eligible opted-in executor is projected
ok 24 - candidate identity matches native eligible voluntary person
ok 25 - committee place projection has no member, household, profile, progress or Auth fields
ok 26 - candidate projection contains no private answers or contact fields
ok 27 - stale allocation version rejected without writes
ok 28 - null expected version rejected before resource mutation
ok 29 - missing recipient array cannot create a vacuous request event
ok 30 - null recipient list rejected without writes
ok 31 - empty recipient list rejected without writes
ok 32 - suitable but non-opted-in executor cannot be invited from reserve pool
ok 33 - cross-tenant person cannot be invited
ok 34 - same-tenant suitable opted-in other-team-only household cannot be invited
ok 35 - ended reserve-parent household link removes candidate
ok 36 - ended reserve-parent household link cannot authorize invitation
ok 37 - ended team-child membership removes household reserve candidate
ok 38 - ended team-child membership cannot authorize invitation
ok 39 - first eligible opted-in team household A receives actual native request
ok 40 - opted-out historical recipient A is absent from current eligible pool
ok 41 - confirmed receipt binds exact allocation resource
ok 42 - invitation preserves actual allocation version
ok 43 - same key replays exact confirmed receipt
ok 44 - fresh explicit repeat request retains one durable reserve recipient

ok 45 - named recipient sees exact own voluntary reserve request
ok 46 - recipient readback binds actual allocation

ok 47 - parent A retains only its own historical request after opting out
ok 48 - parent A cannot inspect the actual confirmed recipient B reserve row
ok 49 - durable request deduplicates allocation and recipient
ok 50 - fresh command and same-key retries notify B at most once for this allocation and local day
ok 51 - fresh B selection does not re-notify opted-out historical recipient A
ok 52 - historical A reserve request remains intact without new rights
ok 53 - reserve invitation creates no booking
ok 54 - all original booking history preserved
ok 55 - invitation creates no additional authority
ok 56 - invitation does not increase obligations
ok 57 - reserve and deadline actions fabricate no confirmed minutes

ok 58 - eligible opted-in team-HH committee actor may choose itself voluntarily
ok 59 - fresh repeated self-request keeps stable local-day cap
ok 60 - self-selection produces one actual reserve notification instead of a generic actor update
ok 61 - self notification carries the actual reserve request label

ok 62 - revoked coordinator loses concrete committee projection
ok 63 - revoked coordinator loses private candidate projection
ok 64 - revoked coordinator cannot issue new reserve request
ok 65 - revoked coordinator cannot retrieve old successful command as authorization
ok 66 - all app tables retain forced RLS
ok 67 - command retains native restricted owner and empty search path
1..67
